// Jest Snapshot v1, https://goo.gl/fbAQLP

exports[`CardTriagePage should render CardTriagePage properly 1`] = `
<div>
  Hello World !
</div>
`;
